util.c:3:5:fpmul	48	static
util.c:14:5:fpmul_approx	48	static
util.c:25:5:fpadd	48	static
util.c:35:5:amul	48	static
util.c:45:5:emul	48	static
util.c:56:5:fpsub	48	static
util.c:67:5:fpdiv	48	static
util.c:81:6:signal_fin	16	static
util.c:89:6:signal_kill_sim	16	static
util.c:107:6:print_str_str_n	32	static
util.c:108:6:print_str_dec_n	32	static
util.c:110:6:print_str_n	32	static
util.c:114:6:print_dec_n	32	static
util.c:119:6:print_bin_n	32	static
util.c:126:6:emb_assert	32	static
util.c:129:10:extractSign	32	static
util.c:134:10:fp_ExtractSign	32	static
util.c:139:10:extractExponent	32	static
util.c:144:10:fp_ExtractExponent	32	static
util.c:149:10:extractFraction	32	static
util.c:154:10:fp_ExtractFraction	32	static
util.c:160:11:makeFloat	32	static
util.c:166:6:multiply_fractions	80	static
util.c:206:11:float_mul	80	static
util.c:226:11:float_add	80	static
util.c:291:11:float_sub	48	static
util.c:301:10:fractionToBinary_int_exist	64	static
util.c:323:10:fractionToBinary_int_non_exist	64	static
util.c:361:11:stringToFloat	80	static
util.c:435:11:float_divide	80	static
util.c:480:11:float_asin	80	static
util.c:511:5:fp_Asin_simple	80	static
util.c:543:5:fp_Asin	96	static
util.c:574:11:float_asin_Taylor_series	96	static
util.c:610:11:float_Sqrt_Taylor_series	112	static
util.c:671:5:fp_Sqrt	112	static
util.c:714:11:float_Cos_Taylor_series	80	static
util.c:746:5:fp_Cos	96	static
util.c:783:10:fp_Sin	48	static
util.c:789:11:power	64	static
util.c:811:5:fp_Pow	64	static
util.c:859:5:fp_Fabs	32	static
util.c:865:5:fp_Reg2deg	48	static
util.c:870:5:eg2rad	48	static
util.c:875:5:fp_Acos	48	static
util.c:882:6:intToString	48	static
util.c:910:5:fp_Exp	32	static
util.c:915:5:cast_Fp_To_Int	48	static
util.c:929:10:int_to_float	64	static
util.c:956:6:memset_Char_t	32	static
util.c:958:6:memset_Int_t	32	static
