util.h:28:13:signal_fin	16	static
util.h:33:6:signal_kill_sim	16	static
util.h:51:13:print_char	32	static
util.h:58:6:print_str_str_n	32	static
util.h:73:6:print_str_dec_n	48	static
util.h:100:6:print_str	32	static
util.h:109:6:print_str_n	32	static
util.h:121:6:print_dec_n	48	static
util.h:146:6:print_dec	32	static
util.h:174:6:print_hex	32	static
util.h:185:6:print_bin	48	static
util.h:197:6:nl	16	static
util.h:204:6:emb_assert	32	static
util.h:216:10:extractSign	32	static
util.h:221:10:extractExponent	32	static
util.h:226:10:extractFraction	32	static
util.h:231:11:makeFloat	32	static
util.h:238:6:multiply_fractions	80	static
util.h:278:11:float_mul	80	static
util.h:298:11:float_add	80	static
util.h:363:11:float_sub	48	static
util.h:373:10:fractionToBinary_int_exist	64	static
util.h:395:10:fractionToBinary_int_non_exist	64	static
util.h:433:11:stringToFloat	80	static
util.h:507:11:float_divide	80	static
util.h:552:11:float_asin	80	static
util.h:583:11:float_asin_Taylor_series	96	static
util.h:618:11:float_Sqrt_Taylor_series	112	static
util.h:669:11:float_Cos_Taylor_series	80	static
util.h:701:11:power	64	static
util.h:720:11:float_fabs	32	static
util.h:726:11:reg2deg	48	static
util.h:732:11:deg2rad	48	static
util.h:738:11:float_acos	32	static
main.c:13:5:my_main	176	static
main.c:89:6:SolveCubic	96	static
main.c:154:6:usqrt	48	static
main.c:176:6:intToString	48	static
