util.c:9:5:fpmul	48	static
util.c:20:5:fpmul_approx	48	static
util.c:31:5:fpadd	48	static
util.c:42:5:fpsub	48	static
util.c:53:5:fpdiv	48	static
util.c:64:13:signal_fin	16	static
util.c:69:6:signal_kill_sim	16	static
util.c:87:6:print_char	32	static
util.c:94:6:print_str_str_n	32	static
util.c:109:6:print_str_dec_n	48	static
util.c:136:6:print_str	32	static
util.c:145:6:print_str_n	32	static
util.c:157:6:print_dec_n	48	static
util.c:182:6:print_dec	32	static
util.c:210:6:print_hex	32	static
util.c:221:6:print_bin	48	static
util.c:233:6:nl	16	static
util.c:240:6:emb_assert	32	static
util.c:252:10:extractSign	32	static
util.c:257:10:fp_ExtractSign	32	static
util.c:262:10:extractExponent	32	static
util.c:267:10:fp_ExtractExponent	32	static
util.c:272:10:extractFraction	32	static
util.c:277:10:fp_ExtractFraction	32	static
util.c:283:11:makeFloat	32	static
util.c:290:6:multiply_fractions	80	static
util.c:330:11:float_mul	80	static
util.c:350:11:float_add	80	static
util.c:415:11:float_sub	48	static
util.c:425:10:fractionToBinary_int_exist	64	static
util.c:447:10:fractionToBinary_int_non_exist	64	static
util.c:485:11:stringToFloat	80	static
util.c:559:11:float_divide	80	static
util.c:604:11:float_asin	80	static
util.c:635:5:fp_Asin_simple	80	static
util.c:667:5:fp_Asin	96	static
util.c:698:11:float_asin_Taylor_series	96	static
util.c:734:11:float_Sqrt_Taylor_series	112	static
util.c:796:5:fp_Sqrt	112	static
util.c:839:11:float_Cos_Taylor_series	80	static
util.c:871:5:fp_Cos	96	static
util.c:908:10:fp_Sin	48	static
util.c:914:11:power	64	static
util.c:936:5:fp_Pow	64	static
util.c:984:5:fp_Fabs	32	static
util.c:990:5:fp_Reg2deg	48	static
util.c:995:5:eg2rad	48	static
util.c:1000:5:fp_Acos	48	static
util.c:1007:6:intToString	48	static
util.c:1035:5:fp_Exp	32	static
util.c:1040:5:cast_Fp_To_Int	48	static
util.c:1054:10:int_to_float	64	static
util.c:1082:6:memset_Char_t	48	static
util.c:1087:6:memset_Int_t	48	static
