util.c:10:5:fpmul	48	static
util.c:20:5:fpadd	48	static
util.c:31:5:fpsub	48	static
util.c:42:5:fpdiv	48	static
util.c:53:13:signal_fin	16	static
util.c:58:6:signal_kill_sim	16	static
util.c:76:6:print_char	32	static
util.c:83:6:print_str_str_n	32	static
util.c:98:6:print_str_dec_n	48	static
util.c:125:6:print_str	32	static
util.c:134:6:print_str_n	32	static
util.c:146:6:print_dec_n	48	static
util.c:171:6:print_dec	32	static
util.c:199:6:print_hex	32	static
util.c:210:6:print_bin	48	static
util.c:222:6:nl	16	static
util.c:229:6:emb_assert	32	static
util.c:241:10:extractSign	32	static
util.c:246:10:fp_ExtractSign	32	static
util.c:251:10:extractExponent	32	static
util.c:256:10:fp_ExtractExponent	32	static
util.c:261:10:extractFraction	32	static
util.c:266:10:fp_ExtractFraction	32	static
util.c:272:11:makeFloat	32	static
util.c:279:6:multiply_fractions	80	static
util.c:319:11:float_mul	80	static
util.c:339:11:float_add	80	static
util.c:404:11:float_sub	48	static
util.c:414:10:fractionToBinary_int_exist	64	static
util.c:436:10:fractionToBinary_int_non_exist	64	static
util.c:474:11:stringToFloat	80	static
util.c:548:11:float_divide	80	static
util.c:593:11:float_asin	80	static
util.c:624:5:fp_Asin_simple	80	static
util.c:656:5:fp_Asin	96	static
util.c:687:11:float_asin_Taylor_series	96	static
util.c:723:11:float_Sqrt_Taylor_series	112	static
util.c:785:5:fp_Sqrt	112	static
util.c:828:11:float_Cos_Taylor_series	80	static
util.c:860:5:fp_Cos	96	static
util.c:897:10:fp_Sin	48	static
util.c:903:11:power	64	static
util.c:925:5:fp_Pow	64	static
util.c:973:5:fp_Fabs	32	static
util.c:979:5:fp_Reg2deg	48	static
util.c:984:5:eg2rad	48	static
util.c:989:5:fp_Acos	48	static
util.c:996:6:intToString	48	static
util.c:1024:5:fp_Exp	32	static
util.c:1029:5:cast_Fp_To_Int	48	static
util.c:1042:10:int_to_float	64	static
util.c:1070:6:memset_Char_t	48	static
util.c:1075:6:memset_Int_t	48	static
