nodes.h:5:6:init_nodes	32	static
prgs.h:5:6:init_prgs	32	static
arch.h:2:6:init_archs	32	static
energy_harvester.h:5:6:init_charges	32	static
util.h:25:5:fpmul	48	static
util.h:35:5:fpadd	48	static
util.h:46:5:fpsub	48	static
util.h:57:5:fpdiv	48	static
util.h:68:13:signal_fin	16	static
util.h:73:6:signal_kill_sim	16	static
util.h:91:13:print_char	32	static
util.h:98:6:print_str_str_n	32	static
util.h:113:6:print_str_dec_n	48	static
util.h:140:6:print_str	32	static
util.h:149:6:print_str_n	32	static
util.h:161:6:print_dec_n	48	static
util.h:186:6:print_dec	32	static
util.h:214:6:print_hex	32	static
util.h:225:6:print_bin	48	static
util.h:237:6:nl	16	static
util.h:244:6:emb_assert	32	static
util.h:256:10:extractSign	32	static
util.h:261:10:fp_ExtractSign	32	static
util.h:266:10:extractExponent	32	static
util.h:271:10:fp_ExtractExponent	32	static
util.h:276:10:extractFraction	32	static
util.h:281:10:fp_ExtractFraction	32	static
util.h:287:11:makeFloat	32	static
util.h:294:6:multiply_fractions	80	static
util.h:334:11:float_mul	80	static
util.h:354:11:float_add	80	static
util.h:419:11:float_sub	48	static
util.h:429:10:fractionToBinary_int_exist	64	static
util.h:451:10:fractionToBinary_int_non_exist	64	static
util.h:489:11:stringToFloat	80	static
util.h:563:11:float_divide	80	static
util.h:608:11:float_asin	80	static
util.h:639:5:fp_Asin_simple	80	static
util.h:671:5:fp_Asin	96	static
util.h:702:11:float_asin_Taylor_series	96	static
util.h:738:11:float_Sqrt_Taylor_series	112	static
util.h:800:5:fp_Sqrt	112	static
util.h:843:11:float_Cos_Taylor_series	80	static
util.h:875:5:fp_Cos	80	static
util.h:902:11:power	64	static
util.h:924:5:fp_Pow	64	static
util.h:972:5:fp_Fabs	32	static
util.h:978:5:fp_Reg2deg	48	static
util.h:983:5:eg2rad	48	static
util.h:988:5:fp_Acos	48	static
util.h:995:6:intToString	48	static
nodes_func.h:14:5:node_get	64	static
nodes_func.h:146:6:nodes_charge	48	static
nodes_func.h:204:6:node_discharge	48	static
nodes_func.h:246:6:nodes_report_charges	48	static
nodes_func.h:272:14:get_finished_nodes	48	static
nodes_func.h:314:6:node_set_busy	32	static
nodes_func.h:330:6:node_assign_prg	32	static
prgs_func.h:8:6:prgs_estimate_execution_times	32	static
prgs_func.h:39:6:prg_estimate_execution_time	48	static
prgs_func.h:85:6:prgs_execution_time_debug	32	static
prgs_func.h:123:6:prgs_estimate_energy_requirements	32	static
prgs_func.h:141:6:estimate_energy_requirement	48	static
prgs_func.h:182:6:prgs_check_if_finished	32	static
prgs_func.h:251:6:prg_set_inactive	48	static
prgs_func.h:269:6:prg_set_active	32	static
prgs_func.h:291:5:prg_is_running	32	static
arch_func.h:8:6:archs_get_preferred	32	static
queue_func.h:2:6:queue_build_event_queue	32	static
main.c:183:5:amul	32	static
main.c:191:6:my_main	64	static
