nodes.h:5:6:init_nodes	32	static
prgs.h:5:6:init_prgs	32	static
arch.h:2:6:init_archs	32	static
energy_harvester.h:5:6:init_charges	32	static
util.h:21:13:signal_fin	16	static
util.h:26:6:signal_kill_sim	16	static
util.h:44:13:print_char	32	static
util.h:51:6:print_str_str_n	32	static
util.h:66:6:print_str_dec_n	48	static
util.h:93:6:print_str	32	static
util.h:102:6:print_str_n	32	static
util.h:114:6:print_dec_n	48	static
util.h:139:6:print_dec	32	static
util.h:167:6:print_hex	32	static
util.h:178:6:print_bin	48	static
util.h:190:6:nl	16	static
util.h:197:6:emb_assert	32	static
nodes_func.h:14:5:node_get	64	static
nodes_func.h:146:6:nodes_charge	48	static
nodes_func.h:204:6:node_discharge	48	static
nodes_func.h:246:6:nodes_report_charges	48	static
nodes_func.h:272:14:get_finished_nodes	48	static
nodes_func.h:314:6:node_set_busy	32	static
nodes_func.h:330:6:node_assign_prg	32	static
prgs_func.h:8:6:prgs_estimate_execution_times	32	static
prgs_func.h:39:6:prg_estimate_execution_time	48	static
prgs_func.h:85:6:prgs_execution_time_debug	32	static
prgs_func.h:123:6:prgs_estimate_energy_requirements	32	static
prgs_func.h:141:6:estimate_energy_requirement	48	static
prgs_func.h:182:6:prgs_check_if_finished	32	static
prgs_func.h:251:6:prg_set_inactive	48	static
prgs_func.h:269:6:prg_set_active	32	static
prgs_func.h:291:5:prg_is_running	32	static
arch_func.h:8:6:archs_get_preferred	32	static
queue_func.h:2:6:queue_build_event_queue	32	static
main.c:183:5:amul	32	static
main.c:191:6:my_main	48	static
