nodes.h:5:6:init_nodes	32	static
prgs.h:5:6:init_prgs	32	static
arch.h:2:6:init_archs	32	static
energy_harvester.h:5:6:init_charges	32	static
util.h:21:13:signal_fin	16	static
util.h:26:6:signal_kill_sim	16	static
util.h:44:13:print_char	32	static
util.h:52:6:print_str	32	static
util.h:63:6:print_dec	48	static
util.h:90:6:print_hex	48	static
util.h:101:6:print_bin	48	static
util.h:112:6:nl	16	static
util.h:119:6:emb_assert	32	static
nodes_func.h:14:5:node_get	64	static
nodes_func.h:139:6:nodes_charge	48	static
nodes_func.h:197:6:node_discharge	48	static
nodes_func.h:239:6:nodes_report_charges	48	static
nodes_func.h:265:14:get_finished_nodes	48	static
nodes_func.h:307:6:node_set_busy	32	static
nodes_func.h:323:6:node_assign_prg	32	static
prgs_func.h:8:6:prgs_estimate_execution_times	32	static
prgs_func.h:37:6:prg_estimate_execution_time	48	static
prgs_func.h:81:6:prgs_execution_time_debug	32	static
prgs_func.h:119:6:prgs_estimate_energy_requirements	32	static
prgs_func.h:137:6:estimate_energy_requirement	48	static
prgs_func.h:178:6:prgs_check_if_finished	32	static
prgs_func.h:247:6:prg_set_inactive	48	static
prgs_func.h:265:6:prg_set_active	32	static
prgs_func.h:287:5:prg_is_running	32	static
arch_func.h:8:6:archs_get_preferred	32	static
queue_func.h:2:6:queue_build_event_queue	32	static
main.c:182:5:amul	32	static
main.c:190:6:my_main	48	static
