util.h:25:5:fpmul	48	static
util.h:35:5:fpadd	48	static
util.h:46:5:fpsub	48	static
util.h:57:5:fpdiv	48	static
util.h:68:13:signal_fin	16	static
util.h:73:6:signal_kill_sim	16	static
util.h:91:13:print_char	32	static
util.h:98:6:print_str_str_n	32	static
util.h:113:6:print_str_dec_n	48	static
util.h:140:6:print_str	32	static
util.h:149:6:print_str_n	32	static
util.h:161:6:print_dec_n	48	static
util.h:186:6:print_dec	32	static
util.h:214:6:print_hex	32	static
util.h:225:6:print_bin	48	static
util.h:237:6:nl	16	static
util.h:244:6:emb_assert	32	static
util.h:256:10:extractSign	32	static
util.h:261:10:fp_ExtractSign	32	static
util.h:266:10:extractExponent	32	static
util.h:271:10:fp_ExtractExponent	32	static
util.h:276:10:extractFraction	32	static
util.h:281:10:fp_ExtractFraction	32	static
util.h:287:11:makeFloat	32	static
util.h:294:6:multiply_fractions	80	static
util.h:334:11:float_mul	80	static
util.h:354:11:float_add	80	static
util.h:419:11:float_sub	48	static
util.h:429:10:fractionToBinary_int_exist	64	static
util.h:451:10:fractionToBinary_int_non_exist	64	static
util.h:489:11:stringToFloat	80	static
util.h:563:11:float_divide	80	static
util.h:608:11:float_asin	80	static
util.h:639:5:fp_Asin_simple	80	static
util.h:671:5:fp_Asin	96	static
util.h:702:11:float_asin_Taylor_series	96	static
util.h:738:11:float_Sqrt_Taylor_series	112	static
util.h:800:5:fp_Sqrt	112	static
util.h:843:11:float_Cos_Taylor_series	80	static
util.h:875:5:fp_Cos	80	static
util.h:902:11:power	64	static
util.h:924:5:fp_Pow	64	static
util.h:948:5:fp_Fabs	32	static
util.h:954:5:fp_Reg2deg	48	static
util.h:959:5:eg2rad	48	static
util.h:964:5:fp_Acos	48	static
util.h:971:6:intToString	48	static
util.h:999:5:floatToInt	48	static
main.c:61:1:swapfunc	96	static
main.c:87:1:med3	32	static
stdlib.h:139:6:qsort	144	static
main.c:181:5:compare	48	static
main.c:188:6:my_main	240	static
