util.h:68:13:signal_fin	16	static
util.h:73:6:signal_kill_sim	16	static
util.h:91:13:print_char	32	static
util.h:98:6:print_str_str_n	32	static
util.h:113:6:print_str_dec_n	48	static
util.h:140:6:print_str	32	static
util.h:149:6:print_str_n	32	static
util.h:161:6:print_dec_n	48	static
util.h:186:6:print_dec	32	static
util.h:214:6:print_hex	32	static
util.h:225:6:print_bin	48	static
util.h:237:6:nl	16	static
util.h:244:6:emb_assert	32	static
util.h:256:10:extractSign	32	static
util.h:261:10:extractExponent	32	static
util.h:266:10:extractFraction	32	static
util.h:271:11:makeFloat	32	static
util.h:278:6:multiply_fractions	80	static
util.h:318:11:float_mul	80	static
util.h:338:11:float_add	80	static
util.h:403:11:float_sub	48	static
util.h:413:10:fractionToBinary_int_exist	64	static
util.h:435:10:fractionToBinary_int_non_exist	64	static
util.h:473:11:stringToFloat	80	static
util.h:547:11:float_divide	80	static
util.h:592:11:float_asin	80	static
util.h:623:11:float_asin_Taylor_series	96	static
util.h:658:11:float_Sqrt_Taylor_series	112	static
util.h:709:11:float_Cos_Taylor_series	80	static
util.h:741:11:power	64	static
util.h:760:11:float_fabs	32	static
util.h:766:11:reg2deg	48	static
util.h:772:11:deg2rad	48	static
util.h:778:11:float_acos	32	static
util.h:784:6:intToString	48	static
util.h:812:5:floatToInt	48	static
main.c:24:6:my_main	32	static
