util.h:18:13:signal_fin	16	static
util.h:36:13:print_char	32	static
util.h:44:6:print_str	32	static
util.h:55:6:print_dec	48	static
util.h:75:6:print_hex	48	static
util.h:86:6:nl	16	static
util.h:93:6:emb_assert	32	static
main.c:62:24:rotr32	32	static
main.c:67:24:read32_le	32	static
main.c:76:20:write32_le	32	static
main.c:86:6:cf_blockwise_accumulate_final	80	static
main.c:154:6:cf_blockwise_accumulate	48	static
main.c:166:13:permute	48	static
main.c:198:13:init	32	static
main.c:239:13:switch_domain	32	static
main.c:251:13:input_block_final	48	static
main.c:264:13:input_block	48	static
main.c:272:13:input	96	static
main.c:293:13:do_header	32	static
main.c:302:13:do_trailer	32	static
main.c:311:13:body_block_encrypt	48	static
main.c:324:13:encrypt_body	80	static
main.c:353:13:body_block_decrypt	64	static
main.c:368:13:undo_padding	32	static
main.c:375:13:decrypt_body	48	static
main.c:421:13:get_tag	32	static
main.c:431:6:cf_norx32_encrypt	112	static
main.c:450:5:cf_norx32_decrypt	144	static
main.c:482:6:my_main	64	static
